
> bs@0.1.0 build
> next build

   Γû▓ Next.js 16.0.7 (Turbopack)
   - Environments: .env.local, .env
   - Experiments (use with caution):
     ┬╖ optimizePackageImports

node.exe :  ΓÜá The 
"middleware" file convention 
is deprecated. Please use 
"proxy" instead. Learn more: ht
tps://nextjs.org/docs/messages/
middleware-to-proxy
At line:1 char:1
+ & "C:\Program 
Files\nodejs/node.exe" "C:\User
s\yvard\AppData\Roaming\ ...
+ ~~~~~~~~~~~~~~~~~~~~~~~~~~~~~
~~~~~~~~~~~~~~~~~~~~~~~~~~~~~~~
~~~~~~~~~
    + CategoryInfo          :  
   NotSpecified: ( ΓÜá The "m  
  iddl...leware-to-proxy:Str   
 ing) [], RemoteException
    + FullyQualifiedErrorId :  
   NativeCommandError
 
   Creating an optimized production build ...
 Γ£ô Compiled successfully in 9.2s
   Running TypeScript ...
Failed to compile.

./app/api/admin/products/list/r
oute.ts:30:53
Type error: Parameter 'c' 
implicitly has an 'any' type.

[0m [90m 28 |[39m         
[36mif[39m (mongoose[33m.[3
9mconnection[33m.[39mdb) {
 [90m 29 |[39m             
[36mconst[39m collections 
[33m=[39m [36mawait[39m mon
goose[33m.[39mconnection[33m
.[39mdb[33m.[39mlistCollecti
ons()[33m.[39mtoArray()[33m;
[39m
[31m[1m>[22m[39m[90m 30 
|[39m             
[36mconst[39m 
collectionNames [33m=[39m 
collections[33m.[39mmap(c 
[33m=>[39m 
c[33m.[39mname)[33m;[39m
 [90m    |[39m               
                               
       [31m[1m^[22m[39m
 [90m 31 |[39m             
logToFile([32m`≡ƒôé Actual 
Collections in DB: 
${collectionNames.join(', 
')}`[39m)[33m;[39m
 [90m 32 |[39m         } 
[36melse[39m {
 [90m 33 |[39m             
logToFile([32m"ΓÜá∩╕Å 
mongoose.connection.db is undef
ined!"[39m)[33m;[39m[0m
Next.js build worker exited 
with code: 1 and signal: null
